// Jest Snapshot v1, https://goo.gl/fbAQLP

exports[`Footer should render correctly 1`] = `
<DocumentFragment>
  <footer
    class="footer"
  >
    <div>
      <a>
        @artifact.com 2019
      </a>
    </div>
  </footer>
</DocumentFragment>
`;
